Company:
Tagus Sailing
Day: 
14:11:2022
Time:
10:00
Schedule:
14:11:2022, 08:00, 4, Dinis Soares, 200, Franz Ferdinand
14:11:2022, 08:00, 6, Manuel Bernardes, 1200, Francisco Correia
14:11:2022, 09:00, 3, Carlota Castro, 150, Juan Bel
14:11:2022, 10:00, 4, Tiago Ferreira, 400, John Malkovich