Company:
Tagus Sailing
Day: 
14:11:2022
Time:
10:00
Skippers:
Carlota Castro, (english; portuguese), 2*, 50, price, 40, 20, (14:11:2022, 12:00)
Dinis Soares, (english; french; portuguese), 2*, 50, price, 40, 20, (14:11:2022, 12:00)
Manuel Bernardes, (french; portuguese), 3*, 200, comfort, 40, 24, (14:11:2022, 14:00)
Tiago Ferreira, (english; portuguese), 3*, 100, comfort, 60, 32, (14:11:2022, 14:00)