Company:
Tagus Sailing
Day: 
10:11:2022
Time:
18:30
Schedule:
10:11:2022, not-assigned, Mario Scorcese
10:11:2022, not-assigned, Stanislav Osenov
10:11:2022, 18:30, 1, Diogo Domingues, 120, Pierre Martin
10:11:2022, 19:00, 1, Afonso Amaro, 50, Hans Mathiesen
11:11:2022, 08:00, 4, Afonso Amaro, 200, Paco Moreno
11:11:2022, 08:00, 4, Carla Teixeira, 200, Charles Bronson